<html>

<style>
body{
  height:300px;width:400px;
}
#parent{
  height:100%;width:100%;background-color:green;
display:flex;justify-content:space-evenly;flex-direction:column;
}
.oneChild{
display:flex;justify-content:space-evenly;
}
.child{
height:50px;width:50px;background-color:orange;
}
</style>
<body>
<div id="parent">
<div class="oneChild">
<div class="child"></div>
<div class="child"></div>
</div>
<div class="oneChild">
<div class="child"></div>
<div class="child"></div>
</div>


</div>
</body>
</html>
