<div id=\"parent\">
  <div id=\"name\"></div>
</div>
<style>
  #parent{
    height:300px;
    width:400px;
    background-color:red;
    
  }
  #name{
    height:100px;
    width:200px;
    background-color:green;
  }
</style>
